Archive member included to satisfy reference by file (symbol)

c:/program files (x86)/atmel/studio/7.0/toolchain/avr8/avr8-gnu-toolchain/bin/../lib/gcc/avr/5.4.0/avrxmega7\libgcc.a(_exit.o)
                              C:/Program Files (x86)/Atmel/Studio/7.0/Packs/atmel/XMEGAA_DFP/1.1.68/gcc/dev/atxmega128a1u/avrxmega7/crtatxmega128a1u.o (exit)

Discarded input sections

 .data          0x00000000        0x0 C:/Program Files (x86)/Atmel/Studio/7.0/Packs/atmel/XMEGAA_DFP/1.1.68/gcc/dev/atxmega128a1u/avrxmega7/crtatxmega128a1u.o
 .bss           0x00000000        0x0 C:/Program Files (x86)/Atmel/Studio/7.0/Packs/atmel/XMEGAA_DFP/1.1.68/gcc/dev/atxmega128a1u/avrxmega7/crtatxmega128a1u.o
 .data          0x00000000        0x0 clock.o
 .bss           0x00000000        0x0 clock.o
 .text          0x00000000        0x0 dac.o
 .data          0x00000000        0x0 dac.o
 .bss           0x00000000        0x0 dac.o
 .text.dac_init
                0x00000000       0x16 dac.o
 .text.gpio_init_daca
                0x00000000        0xc dac.o
 .debug_info    0x00000000      0x4b8 dac.o
 .debug_abbrev  0x00000000       0xe3 dac.o
 .debug_aranges
                0x00000000       0x28 dac.o
 .debug_ranges  0x00000000       0x18 dac.o
 .debug_line    0x00000000      0x12d dac.o
 .debug_str     0x00000000      0x492 dac.o
 .comment       0x00000000       0x31 dac.o
 .debug_frame   0x00000000       0x34 dac.o
 .text          0x00000000        0x0 dma.o
 .data          0x00000000        0x0 dma.o
 .bss           0x00000000        0x0 dma.o
 .text.dma_init
                0x00000000       0x62 dma.o
 .debug_info    0x00000000      0x648 dma.o
 .debug_abbrev  0x00000000      0x10c dma.o
 .debug_loc     0x00000000       0x55 dma.o
 .debug_aranges
                0x00000000       0x20 dma.o
 .debug_ranges  0x00000000       0x10 dma.o
 .debug_line    0x00000000      0x15f dma.o
 .debug_str     0x00000000      0xddc dma.o
 .comment       0x00000000       0x31 dma.o
 .debug_frame   0x00000000       0x30 dma.o
 .text          0x00000000        0x0 quarter_sec_timer.o
 .data          0x00000000        0x0 quarter_sec_timer.o
 .bss           0x00000000        0x0 quarter_sec_timer.o
 .text          0x00000000        0x0 tc.o
 .data          0x00000000        0x0 tc.o
 .bss           0x00000000        0x0 tc.o
 .text.tcc0_init
                0x00000000       0x1c tc.o
 .text.tcc0_disable
                0x00000000        0x6 tc.o
 .text.tcc0_enable
                0x00000000        0xe tc.o
 .text.tcc1_disable
                0x00000000        0x6 tc.o
 .text.tcc1_enable
                0x00000000        0xe tc.o
 .text.tcc1_init
                0x00000000       0x16 tc.o
 .debug_info    0x00000000     0x1094 tc.o
 .debug_abbrev  0x00000000      0x128 tc.o
 .debug_aranges
                0x00000000       0x48 tc.o
 .debug_ranges  0x00000000       0x38 tc.o
 .debug_line    0x00000000      0x196 tc.o
 .debug_str     0x00000000     0x12f5 tc.o
 .comment       0x00000000       0x31 tc.o
 .debug_frame   0x00000000       0x74 tc.o
 .text          0x00000000        0x0 usart.o
 .data          0x00000000        0x0 usart.o
 .bss           0x00000000        0x0 usart.o
 .text.USARTE0_init
                0x00000000       0x1e usart.o
 .text.USARTE0_out_char
                0x00000000       0x10 usart.o
 .text.USARTE0_out_string
                0x00000000       0x1e usart.o
 .text.USARTE0_in_char
                0x00000000       0x10 usart.o
 .text.USARTE0_enable_interrupts
                0x00000000       0x70 usart.o
 .debug_info    0x00000000      0x43e usart.o
 .debug_abbrev  0x00000000      0x13b usart.o
 .debug_loc     0x00000000      0x183 usart.o
 .debug_aranges
                0x00000000       0x40 usart.o
 .debug_ranges  0x00000000       0x30 usart.o
 .debug_line    0x00000000      0x214 usart.o
 .debug_str     0x00000000      0x4fe usart.o
 .comment       0x00000000       0x31 usart.o
 .debug_frame   0x00000000       0x70 usart.o
 .text          0x00000000        0x0 c:/program files (x86)/atmel/studio/7.0/toolchain/avr8/avr8-gnu-toolchain/bin/../lib/gcc/avr/5.4.0/avrxmega7\libgcc.a(_exit.o)
 .data          0x00000000        0x0 c:/program files (x86)/atmel/studio/7.0/toolchain/avr8/avr8-gnu-toolchain/bin/../lib/gcc/avr/5.4.0/avrxmega7\libgcc.a(_exit.o)
 .bss           0x00000000        0x0 c:/program files (x86)/atmel/studio/7.0/toolchain/avr8/avr8-gnu-toolchain/bin/../lib/gcc/avr/5.4.0/avrxmega7\libgcc.a(_exit.o)
 .text.libgcc.mul
                0x00000000        0x0 c:/program files (x86)/atmel/studio/7.0/toolchain/avr8/avr8-gnu-toolchain/bin/../lib/gcc/avr/5.4.0/avrxmega7\libgcc.a(_exit.o)
 .text.libgcc.div
                0x00000000        0x0 c:/program files (x86)/atmel/studio/7.0/toolchain/avr8/avr8-gnu-toolchain/bin/../lib/gcc/avr/5.4.0/avrxmega7\libgcc.a(_exit.o)
 .text.libgcc   0x00000000        0x0 c:/program files (x86)/atmel/studio/7.0/toolchain/avr8/avr8-gnu-toolchain/bin/../lib/gcc/avr/5.4.0/avrxmega7\libgcc.a(_exit.o)
 .text.libgcc.prologue
                0x00000000        0x0 c:/program files (x86)/atmel/studio/7.0/toolchain/avr8/avr8-gnu-toolchain/bin/../lib/gcc/avr/5.4.0/avrxmega7\libgcc.a(_exit.o)
 .text.libgcc.builtins
                0x00000000        0x0 c:/program files (x86)/atmel/studio/7.0/toolchain/avr8/avr8-gnu-toolchain/bin/../lib/gcc/avr/5.4.0/avrxmega7\libgcc.a(_exit.o)
 .text.libgcc.fmul
                0x00000000        0x0 c:/program files (x86)/atmel/studio/7.0/toolchain/avr8/avr8-gnu-toolchain/bin/../lib/gcc/avr/5.4.0/avrxmega7\libgcc.a(_exit.o)
 .text.libgcc.fixed
                0x00000000        0x0 c:/program files (x86)/atmel/studio/7.0/toolchain/avr8/avr8-gnu-toolchain/bin/../lib/gcc/avr/5.4.0/avrxmega7\libgcc.a(_exit.o)

Memory Configuration

Name             Origin             Length             Attributes
text             0x00000000         0x00100000         xr
data             0x00802000         0x0000ffa0         rw !x
eeprom           0x00810000         0x00010000         rw !x
fuse             0x00820000         0x00000006         rw !x
lock             0x00830000         0x00000400         rw !x
signature        0x00840000         0x00000400         rw !x
user_signatures  0x00850000         0x00000400         rw !x
*default*        0x00000000         0xffffffff

Linker script and memory map

LOAD C:/Program Files (x86)/Atmel/Studio/7.0/Packs/atmel/XMEGAA_DFP/1.1.68/gcc/dev/atxmega128a1u/avrxmega7/crtatxmega128a1u.o
LOAD clock.o
LOAD dac.o
LOAD dma.o
LOAD quarter_sec_timer.o
LOAD tc.o
LOAD usart.o
START GROUP
LOAD c:/program files (x86)/atmel/studio/7.0/toolchain/avr8/avr8-gnu-toolchain/bin/../lib/gcc/avr/5.4.0/../../../../avr/lib/avrxmega7\libm.a
END GROUP
START GROUP
LOAD c:/program files (x86)/atmel/studio/7.0/toolchain/avr8/avr8-gnu-toolchain/bin/../lib/gcc/avr/5.4.0/avrxmega7\libgcc.a
LOAD c:/program files (x86)/atmel/studio/7.0/toolchain/avr8/avr8-gnu-toolchain/bin/../lib/gcc/avr/5.4.0/../../../../avr/lib/avrxmega7\libm.a
LOAD c:/program files (x86)/atmel/studio/7.0/toolchain/avr8/avr8-gnu-toolchain/bin/../lib/gcc/avr/5.4.0/../../../../avr/lib/avrxmega7\libc.a
LOAD C:/Program Files (x86)/Atmel/Studio/7.0/Packs/atmel/XMEGAA_DFP/1.1.68/gcc/dev/atxmega128a1u/avrxmega7\libatxmega128a1u.a
END GROUP
                0x00100000                __TEXT_REGION_LENGTH__ = DEFINED (__TEXT_REGION_LENGTH__)?__TEXT_REGION_LENGTH__:0x100000
                0x0000ffa0                __DATA_REGION_LENGTH__ = DEFINED (__DATA_REGION_LENGTH__)?__DATA_REGION_LENGTH__:0xffa0
                0x00010000                __EEPROM_REGION_LENGTH__ = DEFINED (__EEPROM_REGION_LENGTH__)?__EEPROM_REGION_LENGTH__:0x10000
                [0x00000006]                __FUSE_REGION_LENGTH__ = DEFINED (__FUSE_REGION_LENGTH__)?__FUSE_REGION_LENGTH__:0x400
                0x00000400                __LOCK_REGION_LENGTH__ = DEFINED (__LOCK_REGION_LENGTH__)?__LOCK_REGION_LENGTH__:0x400
                0x00000400                __SIGNATURE_REGION_LENGTH__ = DEFINED (__SIGNATURE_REGION_LENGTH__)?__SIGNATURE_REGION_LENGTH__:0x400
                0x00000400                __USER_SIGNATURE_REGION_LENGTH__ = DEFINED (__USER_SIGNATURE_REGION_LENGTH__)?__USER_SIGNATURE_REGION_LENGTH__:0x400

.hash
 *(.hash)

.dynsym
 *(.dynsym)

.dynstr
 *(.dynstr)

.gnu.version
 *(.gnu.version)

.gnu.version_d
 *(.gnu.version_d)

.gnu.version_r
 *(.gnu.version_r)

.rel.init
 *(.rel.init)

.rela.init
 *(.rela.init)

.rel.text
 *(.rel.text)
 *(.rel.text.*)
 *(.rel.gnu.linkonce.t*)

.rela.text
 *(.rela.text)
 *(.rela.text.*)
 *(.rela.gnu.linkonce.t*)

.rel.fini
 *(.rel.fini)

.rela.fini
 *(.rela.fini)

.rel.rodata
 *(.rel.rodata)
 *(.rel.rodata.*)
 *(.rel.gnu.linkonce.r*)

.rela.rodata
 *(.rela.rodata)
 *(.rela.rodata.*)
 *(.rela.gnu.linkonce.r*)

.rel.data
 *(.rel.data)
 *(.rel.data.*)
 *(.rel.gnu.linkonce.d*)

.rela.data
 *(.rela.data)
 *(.rela.data.*)
 *(.rela.gnu.linkonce.d*)

.rel.ctors
 *(.rel.ctors)

.rela.ctors
 *(.rela.ctors)

.rel.dtors
 *(.rel.dtors)

.rela.dtors
 *(.rela.dtors)

.rel.got
 *(.rel.got)

.rela.got
 *(.rela.got)

.rel.bss
 *(.rel.bss)

.rela.bss
 *(.rela.bss)

.rel.plt
 *(.rel.plt)

.rela.plt
 *(.rela.plt)

.text           0x00000000      0x2a8
 *(.vectors)
 .vectors       0x00000000      0x1fc C:/Program Files (x86)/Atmel/Studio/7.0/Packs/atmel/XMEGAA_DFP/1.1.68/gcc/dev/atxmega128a1u/avrxmega7/crtatxmega128a1u.o
                0x00000000                __vector_default
                0x00000000                __vectors
 *(.vectors)
 *(.progmem.gcc*)
                0x000001fc                . = ALIGN (0x2)
                0x000001fc                __trampolines_start = .
 *(.trampolines)
 .trampolines   0x000001fc        0x0 linker stubs
 *(.trampolines*)
                0x000001fc                __trampolines_end = .
 *libprintf_flt.a:*(.progmem.data)
 *libc.a:*(.progmem.data)
 *(.progmem*)
                0x000001fc                . = ALIGN (0x2)
 *(.jumptables)
 *(.jumptables*)
 *(.lowtext)
 *(.lowtext*)
                0x000001fc                __ctors_start = .
 *(.ctors)
                0x000001fc                __ctors_end = .
                0x000001fc                __dtors_start = .
 *(.dtors)
                0x000001fc                __dtors_end = .
 SORT(*)(.ctors)
 SORT(*)(.dtors)
 *(.init0)
 .init0         0x000001fc        0x0 C:/Program Files (x86)/Atmel/Studio/7.0/Packs/atmel/XMEGAA_DFP/1.1.68/gcc/dev/atxmega128a1u/avrxmega7/crtatxmega128a1u.o
                0x000001fc                __init
 *(.init0)
 *(.init1)
 *(.init1)
 *(.init2)
 .init2         0x000001fc       0x18 C:/Program Files (x86)/Atmel/Studio/7.0/Packs/atmel/XMEGAA_DFP/1.1.68/gcc/dev/atxmega128a1u/avrxmega7/crtatxmega128a1u.o
 *(.init2)
 *(.init3)
 *(.init3)
 *(.init4)
 *(.init4)
 *(.init5)
 *(.init5)
 *(.init6)
 *(.init6)
 *(.init7)
 *(.init7)
 *(.init8)
 *(.init8)
 *(.init9)
 .init9         0x00000214        0x8 C:/Program Files (x86)/Atmel/Studio/7.0/Packs/atmel/XMEGAA_DFP/1.1.68/gcc/dev/atxmega128a1u/avrxmega7/crtatxmega128a1u.o
 *(.init9)
 *(.text)
 .text          0x0000021c        0x4 C:/Program Files (x86)/Atmel/Studio/7.0/Packs/atmel/XMEGAA_DFP/1.1.68/gcc/dev/atxmega128a1u/avrxmega7/crtatxmega128a1u.o
                0x0000021c                __vector_38
                0x0000021c                __vector_104
                0x0000021c                __vector_22
                0x0000021c                __vector_63
                0x0000021c                __vector_28
                0x0000021c                __vector_67
                0x0000021c                __vector_1
                0x0000021c                __vector_119
                0x0000021c                __vector_32
                0x0000021c                __vector_75
                0x0000021c                __vector_71
                0x0000021c                __vector_91
                0x0000021c                __vector_34
                0x0000021c                __vector_62
                0x0000021c                __vector_77
                0x0000021c                __vector_102
                0x0000021c                __vector_24
                0x0000021c                __vector_12
                0x0000021c                __vector_55
                0x0000021c                __vector_69
                0x0000021c                __vector_81
                0x0000021c                __vector_90
                0x0000021c                __vector_46
                0x0000021c                __bad_interrupt
                0x0000021c                __vector_122
                0x0000021c                __vector_72
                0x0000021c                __vector_114
                0x0000021c                __vector_6
                0x0000021c                __vector_110
                0x0000021c                __vector_31
                0x0000021c                __vector_92
                0x0000021c                __vector_35
                0x0000021c                __vector_78
                0x0000021c                __vector_74
                0x0000021c                __vector_117
                0x0000021c                __vector_39
                0x0000021c                __vector_107
                0x0000021c                __vector_3
                0x0000021c                __vector_105
                0x0000021c                __vector_98
                0x0000021c                __vector_23
                0x0000021c                __vector_68
                0x0000021c                __vector_30
                0x0000021c                __vector_73
                0x0000021c                __vector_45
                0x0000021c                __vector_25
                0x0000021c                __vector_93
                0x0000021c                __vector_61
                0x0000021c                __vector_11
                0x0000021c                __vector_54
                0x0000021c                __vector_99
                0x0000021c                __vector_13
                0x0000021c                __vector_17
                0x0000021c                __vector_19
                0x0000021c                __vector_56
                0x0000021c                __vector_7
                0x0000021c                __vector_125
                0x0000021c                __vector_49
                0x0000021c                __vector_123
                0x0000021c                __vector_41
                0x0000021c                __vector_86
                0x0000021c                __vector_100
                0x0000021c                __vector_101
                0x0000021c                __vector_64
                0x0000021c                __vector_88
                0x0000021c                __vector_109
                0x0000021c                __vector_43
                0x0000021c                __vector_27
                0x0000021c                __vector_5
                0x0000021c                __vector_113
                0x0000021c                __vector_33
                0x0000021c                __vector_76
                0x0000021c                __vector_115
                0x0000021c                __vector_47
                0x0000021c                __vector_52
                0x0000021c                __vector_37
                0x0000021c                __vector_95
                0x0000021c                __vector_103
                0x0000021c                __vector_96
                0x0000021c                __vector_89
                0x0000021c                __vector_108
                0x0000021c                __vector_4
                0x0000021c                __vector_44
                0x0000021c                __vector_82
                0x0000021c                __vector_106
                0x0000021c                __vector_118
                0x0000021c                __vector_51
                0x0000021c                __vector_9
                0x0000021c                __vector_2
                0x0000021c                __vector_21
                0x0000021c                __vector_15
                0x0000021c                __vector_66
                0x0000021c                __vector_36
                0x0000021c                __vector_79
                0x0000021c                __vector_58
                0x0000021c                __vector_70
                0x0000021c                __vector_83
                0x0000021c                __vector_29
                0x0000021c                __vector_60
                0x0000021c                __vector_121
                0x0000021c                __vector_40
                0x0000021c                __vector_85
                0x0000021c                __vector_94
                0x0000021c                __vector_126
                0x0000021c                __vector_8
                0x0000021c                __vector_26
                0x0000021c                __vector_48
                0x0000021c                __vector_124
                0x0000021c                __vector_116
                0x0000021c                __vector_112
                0x0000021c                __vector_111
                0x0000021c                __vector_80
                0x0000021c                __vector_84
                0x0000021c                __vector_57
                0x0000021c                __vector_53
                0x0000021c                __vector_10
                0x0000021c                __vector_50
                0x0000021c                __vector_16
                0x0000021c                __vector_59
                0x0000021c                __vector_18
                0x0000021c                __vector_97
                0x0000021c                __vector_20
                0x0000021c                __vector_42
                0x0000021c                __vector_87
                0x0000021c                __vector_65
                0x0000021c                __vector_120
 .text          0x00000220       0x2c clock.o
                0x00000220                clock_init
                0x0000024c                . = ALIGN (0x2)
 *(.text.*)
 .text.__vector_14
                0x0000024c       0x28 quarter_sec_timer.o
                0x0000024c                __vector_14
 .text.sys_interr_init
                0x00000274        0xa quarter_sec_timer.o
                0x00000274                sys_interr_init
 .text.main     0x0000027e       0x26 quarter_sec_timer.o
                0x0000027e                main
                0x000002a4                . = ALIGN (0x2)
 *(.fini9)
 .fini9         0x000002a4        0x0 c:/program files (x86)/atmel/studio/7.0/toolchain/avr8/avr8-gnu-toolchain/bin/../lib/gcc/avr/5.4.0/avrxmega7\libgcc.a(_exit.o)
                0x000002a4                _exit
                0x000002a4                exit
 *(.fini9)
 *(.fini8)
 *(.fini8)
 *(.fini7)
 *(.fini7)
 *(.fini6)
 *(.fini6)
 *(.fini5)
 *(.fini5)
 *(.fini4)
 *(.fini4)
 *(.fini3)
 *(.fini3)
 *(.fini2)
 *(.fini2)
 *(.fini1)
 *(.fini1)
 *(.fini0)
 .fini0         0x000002a4        0x4 c:/program files (x86)/atmel/studio/7.0/toolchain/avr8/avr8-gnu-toolchain/bin/../lib/gcc/avr/5.4.0/avrxmega7\libgcc.a(_exit.o)
 *(.fini0)
                0x000002a8                _etext = .

.data           0x00802000        0x0 load address 0x000002a8
                [!provide]                PROVIDE (__data_start, .)
 *(.data)
 *(.data*)
 *(.gnu.linkonce.d*)
 *(.rodata)
 *(.rodata*)
 *(.gnu.linkonce.r*)
                0x00802000                . = ALIGN (0x2)
                0x00802000                _edata = .
                [!provide]                PROVIDE (__data_end, .)

.bss            0x00802000        0x0
                [!provide]                PROVIDE (__bss_start, .)
 *(.bss)
 *(.bss*)
 *(COMMON)
                [!provide]                PROVIDE (__bss_end, .)
                0x000002a8                __data_load_start = LOADADDR (.data)
                0x000002a8                __data_load_end = (__data_load_start + SIZEOF (.data))

.noinit         0x00802000        0x0
                [!provide]                PROVIDE (__noinit_start, .)
 *(.noinit*)
                [!provide]                PROVIDE (__noinit_end, .)
                0x00802000                _end = .
                [!provide]                PROVIDE (__heap_start, .)

.eeprom         0x00810000        0x0
 *(.eeprom*)
                0x00810000                __eeprom_end = .

.fuse
 *(.fuse)
 *(.lfuse)
 *(.hfuse)
 *(.efuse)

.lock
 *(.lock*)

.signature
 *(.signature*)

.user_signatures
 *(.user_signatures*)

.stab
 *(.stab)

.stabstr
 *(.stabstr)

.stab.excl
 *(.stab.excl)

.stab.exclstr
 *(.stab.exclstr)

.stab.index
 *(.stab.index)

.stab.indexstr
 *(.stab.indexstr)

.comment        0x00000000       0x30
 *(.comment)
 .comment       0x00000000       0x30 quarter_sec_timer.o
                                 0x31 (size before relaxing)

.note.gnu.avr.deviceinfo
                0x00000000       0x40
 .note.gnu.avr.deviceinfo
                0x00000000       0x40 C:/Program Files (x86)/Atmel/Studio/7.0/Packs/atmel/XMEGAA_DFP/1.1.68/gcc/dev/atxmega128a1u/avrxmega7/crtatxmega128a1u.o

.note.gnu.build-id
 *(.note.gnu.build-id)

.debug
 *(.debug)

.line
 *(.line)

.debug_srcinfo
 *(.debug_srcinfo)

.debug_sfnames
 *(.debug_sfnames)

.debug_aranges  0x00000000       0x50
 *(.debug_aranges)
 .debug_aranges
                0x00000000       0x20 clock.o
 .debug_aranges
                0x00000020       0x30 quarter_sec_timer.o

.debug_pubnames
 *(.debug_pubnames)

.debug_info     0x00000000     0x48a6
 *(.debug_info .gnu.linkonce.wi.*)
 .debug_info    0x00000000     0x3e5a C:/Program Files (x86)/Atmel/Studio/7.0/Packs/atmel/XMEGAA_DFP/1.1.68/gcc/dev/atxmega128a1u/avrxmega7/crtatxmega128a1u.o
 .debug_info    0x00003e5a       0x7c clock.o
 .debug_info    0x00003ed6      0x9d0 quarter_sec_timer.o

.debug_abbrev   0x00000000     0x3c66
 *(.debug_abbrev)
 .debug_abbrev  0x00000000     0x3b0e C:/Program Files (x86)/Atmel/Studio/7.0/Packs/atmel/XMEGAA_DFP/1.1.68/gcc/dev/atxmega128a1u/avrxmega7/crtatxmega128a1u.o
 .debug_abbrev  0x00003b0e       0x14 clock.o
 .debug_abbrev  0x00003b22      0x144 quarter_sec_timer.o

.debug_line     0x00000000      0x5b4
 *(.debug_line .debug_line.* .debug_line_end)
 .debug_line    0x00000000      0x3b5 C:/Program Files (x86)/Atmel/Studio/7.0/Packs/atmel/XMEGAA_DFP/1.1.68/gcc/dev/atxmega128a1u/avrxmega7/crtatxmega128a1u.o
 .debug_line    0x000003b5       0x94 clock.o
 .debug_line    0x00000449      0x16b quarter_sec_timer.o

.debug_frame    0x00000000       0x54
 *(.debug_frame)
 .debug_frame   0x00000000       0x54 quarter_sec_timer.o

.debug_str      0x00000000     0x304d
 *(.debug_str)
 .debug_str     0x00000000     0x2969 C:/Program Files (x86)/Atmel/Studio/7.0/Packs/atmel/XMEGAA_DFP/1.1.68/gcc/dev/atxmega128a1u/avrxmega7/crtatxmega128a1u.o
 .debug_str     0x00002969      0x6e4 quarter_sec_timer.o
                                0x729 (size before relaxing)

.debug_loc      0x00000000       0x3c
 *(.debug_loc)
 .debug_loc     0x00000000       0x3c quarter_sec_timer.o

.debug_macinfo
 *(.debug_macinfo)

.debug_weaknames
 *(.debug_weaknames)

.debug_funcnames
 *(.debug_funcnames)

.debug_typenames
 *(.debug_typenames)

.debug_varnames
 *(.debug_varnames)

.debug_pubtypes
 *(.debug_pubtypes)

.debug_ranges   0x00000000       0x20
 *(.debug_ranges)
 .debug_ranges  0x00000000       0x20 quarter_sec_timer.o

.debug_macro
 *(.debug_macro)
OUTPUT(hackathon.elf elf32-avr)
LOAD linker stubs
